SELECT @@SERVICENAME;
go
~~START~~
nvarchar
MSSQLSERVER
~~END~~

