use master;
GO

create table t2732(ANALYSE int);
drop table t2732;
GO
create table t2732(ANALYZE int);
drop table t2732;
GO
create table t2732(ARRAY int);
drop table t2732;
GO
create table t2732(ASYMMETRIC int);
drop table t2732;
GO
create table t2732(BOTH int);
drop table t2732;
GO
create table t2732(CAST int);
drop table t2732;
GO
create table t2732(CURRENT_CATALOG int);
drop table t2732;
GO
create table t2732(CURRENT_ROLE int);
drop table t2732;
GO
create table t2732(DEFERRABLE int);
drop table t2732;
GO
create table t2732(DO int);
drop table t2732;
GO
create table t2732(INITIALLY int);
drop table t2732;
GO
create table t2732(LATERAL int);
drop table t2732;
GO
create table t2732(LEADING int);
drop table t2732;
GO
create table t2732(LIMIT int);
drop table t2732;
GO
create table t2732(LOCALTIME int);
drop table t2732;
GO
create table t2732(LOCALTIMESTAMP int);
drop table t2732;
GO
create table t2732(OFFSET int);
drop table t2732;
GO
create table t2732(ONLY int);
drop table t2732;
GO
create table t2732(PLACING int);
drop table t2732;
GO
create table t2732(RETURNING int);
drop table t2732;
GO
create table t2732(SYMMETRIC int);
drop table t2732;
GO
create table t2732(TRAILING int);
drop table t2732;
GO
create table t2732(USING int);
drop table t2732;
GO
create table t2732(VARIADIC int);
drop table t2732;
GO
create table t2732(WINDOW int);
drop table t2732;
GO
