use master;
go

drop schema if exists non_exist_schema;
go

drop schema non_exist_schema;
go
~~ERROR (Code: 33557097)~~

~~ERROR (Message: schema "master_non_exist_schema" does not exist)~~



create schema s2496;
drop schema if exists s2496;
go

drop schema s2496;
go
~~ERROR (Code: 33557097)~~

~~ERROR (Message: schema "master_s2496" does not exist)~~


drop schema if exists s2496;
go

drop schema s2496;
go
~~ERROR (Code: 33557097)~~

~~ERROR (Message: schema "master_s2496" does not exist)~~

