select cast(hashbytes('sha2_512', 'abcdefg') as varbinary(64))
GO
~~START~~
varbinary
D716A4188569B68AB1B6DFAC178E570114CDF0EA3A1CC0E31486C3E41241BC6A76424E8C37AB26F096FC85EF9886C8CB634187F4FDDFF645FB099F1FF54C6B8C
~~END~~


select cast(hashbytes('sha2_512', 'abcdefg') as varbinary(62))
GO
~~START~~
varbinary
D716A4188569B68AB1B6DFAC178E570114CDF0EA3A1CC0E31486C3E41241BC6A76424E8C37AB26F096FC85EF9886C8CB634187F4FDDFF645FB099F1FF54C
~~END~~

